// Jest Snapshot v1, https://goo.gl/fbAQLP

exports[`renders correctly 1`] = `
<View
  style={
    Object {
      "alignItems": "center",
      "backgroundColor": "red",
      "flexDirection": "row",
      "justifyContent": "center",
    }
  }
>
  <Text>
    Hello World
  </Text>
</View>
`;
