// Jest Snapshot v1, https://goo.gl/fbAQLP

exports[`should match snapshot 1`] = `
<View
  style={
    Object {
      "alignItems": "center",
      "flexDirection": "row",
      "marginTop": 10,
    }
  }
>
  <Text
    accessibilityLabel="icon"
    style={
      Array [
        Object {
          "color": "#1A1A1A",
          "fontFamily": "Nunito-Regular",
          "fontSize": 42,
          "lineHeight": undefined,
          "textAlign": "auto",
        },
        Object {},
      ]
    }
  >
    🍽️
  </Text>
  <View
    style={
      Object {
        "alignItems": "center",
        "borderBottomColor": "#1A1A1A1A",
        "borderBottomWidth": 1,
        "flex": 1,
        "flexDirection": "row",
        "justifyContent": "space-between",
        "marginLeft": 20,
        "paddingBottom": 8,
        "paddingTop": 14,
      }
    }
  >
    <Text
      accessibilityLabel="category"
      style={
        Array [
          Object {
            "color": "#1A1A1A",
            "fontFamily": "Nunito-Bold",
            "fontSize": 18,
            "lineHeight": 32,
            "textAlign": "auto",
          },
          Object {},
        ]
      }
    >
      Eating out
    </Text>
    <Text
      accessibilityLabel="amount"
      style={
        Array [
          Object {
            "color": "#1A1A1A",
            "fontFamily": "Nunito-Bold",
            "fontSize": 16,
            "lineHeight": 32,
            "textAlign": "auto",
          },
          Object {},
        ]
      }
    >
      49,000.00 ₫
    </Text>
  </View>
</View>
`;
